// Vitest Snapshot v1, https://vitest.dev/guide/snapshot.html

exports[`<Form /> > should match the snapshot 1`] = `
<div>
  <section
    aria-label="section-form"
    class="grid grid-cols-1 md:grid-cols-[1fr_2fr] place-items-center p-5 mb-5 rounded-lg text-azama-dark bg-azama-white"
    style="opacity: 0; transform: translateX(-70px) scale(0.7) translateZ(0);"
  >
    <div
      class="mb-5 md:mb-0 md:text-center"
    >
      <h2
        class="text-3xl"
      >
        CONTACT ME!
      </h2>
      <p>
        It's free
      </p>
    </div>
    <form
      aria-label="contact-form"
      class="grid gap-5 p-2 place-items-center md:w-full"
    >
      <input
        aria-label="name"
        class="bg-azama-base placeholder:text-azama-danger text-azama-white max-w-[15rem] md:w-[42rem] md:max-w-none p-5 shadow-md rounded-xl shadow-azama-base"
        defaultvalue=""
        name="name"
        placeholder="Name *"
        required=""
        type="text"
      />
      <input
        aria-label="email"
        class="bg-azama-base placeholder:text-azama-danger text-azama-white max-w-[15rem] md:w-[42rem] md:max-w-none p-5 shadow-md rounded-xl shadow-azama-base"
        defaultvalue=""
        name="email"
        placeholder="Email *"
        required=""
        type="email"
      />
      <input
        aria-label="phone"
        class="bg-azama-base placeholder:text-azama-muted text-azama-white max-w-[15rem] md:w-[42rem] md:max-w-none p-5 shadow-md rounded-xl shadow-azama-base"
        defaultvalue=""
        name="phone"
        placeholder="Phone"
        type="text"
      />
      <textarea
        aria-label="message"
        class="bg-azama-base text-azama-white max-w-[15rem] md:w-[42rem] md:max-w-none p-8 shadow-md rounded-xl shadow-azama-base placeholder:text-azama-danger"
        name="message"
        placeholder="Your message goes here... *"
        required=""
      />
      <button
        aria-label="submit"
        class="p-4 text-5xl rounded-full shadow-md md:w-40 shadow-azama-base bg-azama-base"
        tabindex="0"
        type="submit"
      >
        ðŸ”¥
      </button>
    </form>
  </section>
</div>
`;
