// Vitest Snapshot v1, https://vitest.dev/guide/snapshot.html

exports[`<Nav /> > should match the snapshot 1`] = `<div />`;
