// Vitest Snapshot v1, https://vitest.dev/guide/snapshot.html

exports[`<Biography /> > should match the snapshot 1`] = `
<div>
  <section
    class="md:h-[100dvh] grid items-center pt-24 md:pt-0"
    id="biography"
  >
    <section
      aria-label="content"
      class="p-5 mb-5 rounded-lg text-alvaro-white"
      style="opacity: 0;"
    >
      <article
        class="p-5"
      >
        <div
          class="grid grid-cols-1 md:gap-10 md:grid-cols-[1fr_2fr]"
        >
          <div
            class="mb-5"
          >
            <a
              href="https://linkedin.com/in/alvarogarciamacias"
              rel="noopener noreferrer"
              target="_blank"
            >
              <img
                alt="profile picture"
                class="border-[7px] rounded-full border-alvaro-white hover:border-dashed cursor-pointer"
                height="250"
                src="/images/profile/profile.png"
                width="250"
              />
            </a>
          </div>
          <div
            class="max-w-[75ch] md:h-[300px] items-center md:text-justify grid  whitespace-pre-wrap"
          >
            <div>
              <h1
                class="mb-5 text-4xl"
              >
                Hello 
                <span
                  class="text-alvaro-danger"
                >
                  World
                </span>
                !
              </h1>
              <p>
                My name is
                 
                <span
                  class="text-xl text-alvaro-primary"
                >
                  √Ålvaro
                </span>
                , and I am a Full Stack Developer.
              </p>
              I feel very fortunate to have found what I am passionate about and to make it my job.
            </div>
          </div>
        </div>
        <div
          class="grid w-full grid-cols-2 mt-20 md:grid-cols-3 place-items-center"
        >
          <button
            class="p-2 border text-alvaro-primary rounded-xl border-alvaro-primary md:hover:bg-alvaro-primary md:hover:text-alvaro-base"
          >
            Shortest
          </button>
          <input
            class="w-full h-2 bg-gray-200 rounded-lg outline-none appearance-none cursor-pointer dark:bg-gray-700"
            id="minmax-range"
            max="2"
            min="0"
            type="range"
            value="1"
          />
          <button
            class="p-2 border text-alvaro-danger rounded-xl border-alvaro-danger md:hover:bg-alvaro-danger md:hover:text-alvaro-base"
          >
            Longest
          </button>
        </div>
      </article>
    </section>
  </section>
</div>
`;
